[2024-11-19T00:16:15.792+0100][gc,init] CardTable entry size: 512
[2024-11-19T00:16:15.792+0100][gc     ] Using G1
[2024-11-19T00:16:15.797+0100][gc,init] Version: 21.0.5+11-Ubuntu-1ubuntu124.04 (release)
[2024-11-19T00:16:15.797+0100][gc,init] CPUs: 16 total, 16 available
[2024-11-19T00:16:15.797+0100][gc,init] Memory: 15636M
[2024-11-19T00:16:15.797+0100][gc,init] Large Page Support: Disabled
[2024-11-19T00:16:15.797+0100][gc,init] NUMA Support: Disabled
[2024-11-19T00:16:15.798+0100][gc,init] Compressed Oops: Enabled (32-bit)
[2024-11-19T00:16:15.798+0100][gc,init] Heap Region Size: 1M
[2024-11-19T00:16:15.805+0100][gc,init] Heap Min Capacity: 1G
[2024-11-19T00:16:15.805+0100][gc,init] Heap Initial Capacity: 1G
[2024-11-19T00:16:15.806+0100][gc,init] Heap Max Capacity: 1G
[2024-11-19T00:16:15.806+0100][gc,init] Pre-touch: Disabled
[2024-11-19T00:16:15.806+0100][gc,init] Parallel Workers: 13
[2024-11-19T00:16:15.806+0100][gc,init] Concurrent Workers: 3
[2024-11-19T00:16:15.806+0100][gc,init] Concurrent Refinement Workers: 13
[2024-11-19T00:16:15.807+0100][gc,init] Periodic GC: Disabled
[2024-11-19T00:16:15.812+0100][gc,metaspace] CDS archive(s) mapped at: [0x00007f9103000000-0x00007f9103c97000-0x00007f9103c97000), size 13201408, SharedBaseAddress: 0x00007f9103000000, ArchiveRelocationMode: 1.
[2024-11-19T00:16:15.812+0100][gc,metaspace] Compressed class space mapped at: 0x00007f9104000000-0x00007f9144000000, reserved size: 1073741824
[2024-11-19T00:16:15.812+0100][gc,metaspace] Narrow klass base: 0x00007f9103000000, Narrow klass shift: 0, Narrow klass range: 0x100000000
[2024-11-19T00:16:33.480+0100][gc,heap,exit] Heap
[2024-11-19T00:16:33.480+0100][gc,heap,exit]  garbage-first heap   total 1048576K, used 47665K [0x00000000c0000000, 0x0000000100000000)
[2024-11-19T00:16:33.480+0100][gc,heap,exit]   region size 1024K, 46 young (47104K), 0 survivors (0K)
[2024-11-19T00:16:33.480+0100][gc,heap,exit]  Metaspace       used 15887K, committed 16128K, reserved 1114112K
[2024-11-19T00:16:33.481+0100][gc,heap,exit]   class space    used 1835K, committed 1920K, reserved 1048576K
