[2024-11-19T00:12:47.322+0100][gc,init] CardTable entry size: 512
[2024-11-19T00:12:47.322+0100][gc     ] Using G1
[2024-11-19T00:12:47.327+0100][gc,init] Version: 21.0.5+11-Ubuntu-1ubuntu124.04 (release)
[2024-11-19T00:12:47.327+0100][gc,init] CPUs: 16 total, 16 available
[2024-11-19T00:12:47.327+0100][gc,init] Memory: 15636M
[2024-11-19T00:12:47.327+0100][gc,init] Large Page Support: Disabled
[2024-11-19T00:12:47.327+0100][gc,init] NUMA Support: Disabled
[2024-11-19T00:12:47.327+0100][gc,init] Compressed Oops: Enabled (32-bit)
[2024-11-19T00:12:47.328+0100][gc,init] Heap Region Size: 1M
[2024-11-19T00:12:47.335+0100][gc,init] Heap Min Capacity: 1G
[2024-11-19T00:12:47.335+0100][gc,init] Heap Initial Capacity: 1G
[2024-11-19T00:12:47.335+0100][gc,init] Heap Max Capacity: 1G
[2024-11-19T00:12:47.336+0100][gc,init] Pre-touch: Disabled
[2024-11-19T00:12:47.336+0100][gc,init] Parallel Workers: 13
[2024-11-19T00:12:47.336+0100][gc,init] Concurrent Workers: 3
[2024-11-19T00:12:47.336+0100][gc,init] Concurrent Refinement Workers: 13
[2024-11-19T00:12:47.336+0100][gc,init] Periodic GC: Disabled
[2024-11-19T00:12:47.341+0100][gc,metaspace] CDS archive(s) mapped at: [0x00007f27f3000000-0x00007f27f3c97000-0x00007f27f3c97000), size 13201408, SharedBaseAddress: 0x00007f27f3000000, ArchiveRelocationMode: 1.
[2024-11-19T00:12:47.341+0100][gc,metaspace] Compressed class space mapped at: 0x00007f27f4000000-0x00007f2834000000, reserved size: 1073741824
[2024-11-19T00:12:47.341+0100][gc,metaspace] Narrow klass base: 0x00007f27f3000000, Narrow klass shift: 0, Narrow klass range: 0x100000000
[2024-11-19T00:12:48.237+0100][gc,heap,exit] Heap
[2024-11-19T00:12:48.238+0100][gc,heap,exit]  garbage-first heap   total 1048576K, used 30257K [0x00000000c0000000, 0x0000000100000000)
[2024-11-19T00:12:48.238+0100][gc,heap,exit]   region size 1024K, 29 young (29696K), 0 survivors (0K)
[2024-11-19T00:12:48.238+0100][gc,heap,exit]  Metaspace       used 10356K, committed 10560K, reserved 1114112K
[2024-11-19T00:12:48.238+0100][gc,heap,exit]   class space    used 1201K, committed 1280K, reserved 1048576K
